// Jest Snapshot v1, https://goo.gl/fbAQLP

exports[`should render the DashboardPage correctly 1`] = `
<div>
  Dashboard content page
</div>
`;
